// Jest Snapshot v1, https://goo.gl/fbAQLP

exports[`renders correctly 1`] = `
<ResearchResultsModal
  rolls={
    Array [
      1,
      2,
    ]
  }
  tech={Array []}
/>
`;
